{
  "AdditionalData": {},
  "CurrentTrack": {
    "AdditionalData": {},
    "Authors": [
      "Ваня Дмитриенко",
      "Аня Пересильд"
    ],
    "ImageUrl": "https://cdn-images.dzcdn.net/images/cover/dfc147ae4276f7aa692ae444f8c5300f/500x500-000000-80-0-0.jpg",
    "Name": "Силуэт"
  },
  "Description": "Идет дождь, в зале тепло и пахнет корицей. Идеальное время для чтения с чашкой какао.",
  "NoiseLevel": 3,
  "WorkloadLevel": {}
}
