[
  {
    "Id": 2,
    "Name": "Десерты",
    "MenuItems": [
      {
        "Id": 8,
        "Name": "Брауни",
        "Price": 190.0
      },
      {
        "Id": 9,
        "Name": "Макарон",
        "Price": 150.0
      },
      {
        "Id": 7,
        "Name": "Тирамису",
        "Price": 200.0
      },
      {
        "Id": 6,
        "Name": "Чизкейк",
        "Price": 300.0
      },
      {
        "Id": 10,
        "Name": "Эклер",
        "Price": 290.0
      }
    ]
  },
  {
    "Id": 3,
    "Name": "Сэндвичи",
    "MenuItems": [
      {
        "Id": 11,
        "Name": "Сэндвич с курицей",
        "Price": 400.0
      },
      {
        "Id": 12,
        "Name": "Сэндвич с лососем",
        "Price": 350.0
      }
    ]
  },
  {
    "Id": 4,
    "Name": "Category",
    "MenuItems": []
  }
]
